// Jest Snapshot v1, https://goo.gl/fbAQLP

exports[`snapshot test 1`] = `
"{
  \\"//\\": {
    \\"metadata\\": {
      \\"version\\": \\"stubbed\\",
      \\"stackName\\": \\"test\\"
    }
  },
  \\"resource\\": {
    \\"aws_iam_role\\": {
      \\"test_apigw_basiclambdarole_B5B06285\\": {
        \\"assume_role_policy\\": \\"{ \\\\\\"Version\\\\\\": \\\\\\"2012-10-17\\\\\\", \\\\\\"Statement\\\\\\": [ {\\\\n       \\\\\\"Action\\\\\\": \\\\\\"sts:AssumeRole\\\\\\", \\\\\\"Principal\\\\\\": { \\\\\\"Service\\\\\\": \\\\\\"lambda.amazonaws.com\\\\\\" }, \\\\\\"Effect\\\\\\": \\\\\\"Allow\\\\\\", \\\\\\"Sid\\\\\\": \\\\\\"\\\\\\" } ] }\\",
        \\"description\\": \\"Basic Lambda Execution Role\\",
        \\"//\\": {
          \\"metadata\\": {
            \\"path\\": \\"test/api-gw/basic_lambda_role\\",
            \\"uniqueId\\": \\"test_apigw_basiclambdarole_B5B06285\\"
          }
        }
      }
    },
    \\"aws_lambda_function\\": {
      \\"test_apigw_lambdahelloworld_E21B6A04\\": {
        \\"description\\": \\"A simple Hello world Lambda Function\\",
        \\"filename\\": \\"../hello_world.zip\\",
        \\"function_name\\": \\"helloWorld\\",
        \\"handler\\": \\"hello_world.lambda_handler\\",
        \\"role\\": \\"\${aws_iam_role.test_apigw_basiclambdarole_B5B06285.arn}\\",
        \\"runtime\\": \\"python3.7\\",
        \\"timeout\\": 60,
        \\"//\\": {
          \\"metadata\\": {
            \\"path\\": \\"test/api-gw/lambda-hello-world\\",
            \\"uniqueId\\": \\"test_apigw_lambdahelloworld_E21B6A04\\"
          }
        }
      }
    },
    \\"aws_api_gateway_rest_api\\": {
      \\"test_apigw_apigateway_4E70AAF9\\": {
        \\"name\\": \\"rest-api\\",
        \\"//\\": {
          \\"metadata\\": {
            \\"path\\": \\"test/api-gw/api-gateway\\",
            \\"uniqueId\\": \\"test_apigw_apigateway_4E70AAF9\\"
          }
        }
      }
    },
    \\"aws_api_gateway_resource\\": {
      \\"test_apigw_apigatewayresource_D056EDEA\\": {
        \\"parent_id\\": \\"\${aws_api_gateway_rest_api.test_apigw_apigateway_4E70AAF9.root_resource_id}\\",
        \\"path_part\\": \\"hello\\",
        \\"rest_api_id\\": \\"\${aws_api_gateway_rest_api.test_apigw_apigateway_4E70AAF9.id}\\",
        \\"//\\": {
          \\"metadata\\": {
            \\"path\\": \\"test/api-gw/api-gateway-resource\\",
            \\"uniqueId\\": \\"test_apigw_apigatewayresource_D056EDEA\\"
          }
        }
      }
    },
    \\"aws_api_gateway_method\\": {
      \\"test_apigw_apigatewaymethod_D543AC51\\": {
        \\"authorization\\": \\"NONE\\",
        \\"http_method\\": \\"GET\\",
        \\"resource_id\\": \\"\${aws_api_gateway_resource.test_apigw_apigatewayresource_D056EDEA.id}\\",
        \\"rest_api_id\\": \\"\${aws_api_gateway_rest_api.test_apigw_apigateway_4E70AAF9.id}\\",
        \\"//\\": {
          \\"metadata\\": {
            \\"path\\": \\"test/api-gw/api-gateway-method\\",
            \\"uniqueId\\": \\"test_apigw_apigatewaymethod_D543AC51\\"
          }
        }
      }
    },
    \\"aws_api_gateway_integration\\": {
      \\"test_apigw_apigatewayintegration_F4EDBBD6\\": {
        \\"http_method\\": \\"GET\\",
        \\"integration_http_method\\": \\"POST\\",
        \\"resource_id\\": \\"\${aws_api_gateway_resource.test_apigw_apigatewayresource_D056EDEA.id}\\",
        \\"rest_api_id\\": \\"\${aws_api_gateway_rest_api.test_apigw_apigateway_4E70AAF9.id}\\",
        \\"type\\": \\"AWS_PROXY\\",
        \\"uri\\": \\"\${aws_lambda_function.test_apigw_lambdahelloworld_E21B6A04.invoke_arn}\\",
        \\"depends_on\\": [
          \\"aws_api_gateway_method.test_apigw_apigatewaymethod_D543AC51\\"
        ],
        \\"//\\": {
          \\"metadata\\": {
            \\"path\\": \\"test/api-gw/api-gateway-integration\\",
            \\"uniqueId\\": \\"test_apigw_apigatewayintegration_F4EDBBD6\\"
          }
        }
      }
    },
    \\"aws_lambda_permission\\": {
      \\"test_apigw_apigwlambdapermission_6E2E14F7\\": {
        \\"action\\": \\"lambda:InvokeFunction\\",
        \\"function_name\\": \\"helloWorld\\",
        \\"principal\\": \\"apigateway.amazonaws.com\\",
        \\"source_arn\\": \\"arn:aws:execute-api:\${data.aws_region.test_apigw_region_75D4FC1C.name}:\${data.aws_caller_identity.test_apigw_userId_A866FA9A.account_id}:\${aws_api_gateway_rest_api.test_apigw_apigateway_4E70AAF9.id}/*/GET\${aws_api_gateway_resource.test_apigw_apigatewayresource_D056EDEA.path}\\",
        \\"//\\": {
          \\"metadata\\": {
            \\"path\\": \\"test/api-gw/apigw-lambda-permission\\",
            \\"uniqueId\\": \\"test_apigw_apigwlambdapermission_6E2E14F7\\"
          }
        }
      }
    },
    \\"aws_api_gateway_deployment\\": {
      \\"test_apigw_apigatewaydeployment_8BAE2D89\\": {
        \\"description\\": \\"Hello World - Production environment deployment\\",
        \\"rest_api_id\\": \\"\${aws_api_gateway_rest_api.test_apigw_apigateway_4E70AAF9.id}\\",
        \\"stage_description\\": \\"Production Environment\\",
        \\"stage_name\\": \\"Production\\",
        \\"depends_on\\": [
          \\"aws_api_gateway_method.test_apigw_apigatewaymethod_D543AC51\\",
          \\"aws_api_gateway_integration.test_apigw_apigatewayintegration_F4EDBBD6\\"
        ],
        \\"//\\": {
          \\"metadata\\": {
            \\"path\\": \\"test/api-gw/api-gateway-deployment\\",
            \\"uniqueId\\": \\"test_apigw_apigatewaydeployment_8BAE2D89\\"
          }
        }
      }
    }
  },
  \\"data\\": {
    \\"aws_region\\": {
      \\"test_apigw_region_75D4FC1C\\": {
        \\"//\\": {
          \\"metadata\\": {
            \\"path\\": \\"test/api-gw/region\\",
            \\"uniqueId\\": \\"test_apigw_region_75D4FC1C\\"
          }
        }
      }
    },
    \\"aws_caller_identity\\": {
      \\"test_apigw_userId_A866FA9A\\": {
        \\"//\\": {
          \\"metadata\\": {
            \\"path\\": \\"test/api-gw/userId\\",
            \\"uniqueId\\": \\"test_apigw_userId_A866FA9A\\"
          }
        }
      }
    }
  },
  \\"output\\": {
    \\"test_apigw_endpoint_5C407DAB\\": {
      \\"value\\": \\"\${aws_api_gateway_deployment.test_apigw_apigatewaydeployment_8BAE2D89.invoke_url}\\"
    }
  }
}"
`;
